// Vitest Snapshot v1, https://vitest.dev/guide/snapshot.html

exports[`BasePageLayout > renders with default padding and gap 1`] = `"<div class="flex flex-col p-6 gap-6"></div>"`;
