// Vitest Snapshot v1, https://vitest.dev/guide/snapshot.html

exports[`Accounts.vue > matches snapshot 1`] = `"<base-page-layout-stub padding="true" gap="gap-8" class="accounts-page"></base-page-layout-stub>"`;
