// Vitest Snapshot v1, https://vitest.dev/guide/snapshot.html

exports[`Settings.vue > matches snapshot 1`] = `"<base-page-layout-stub padding="true" gap="gap-6"></base-page-layout-stub>"`;
